
> temp-app@0.1.0 build
> next build

▲ Next.js 16.3.0 (Turbopack)
- Environments: .env.local
✓ Running next.config.ts took 25ms

  Creating an optimized production build ...
✓ Compiled successfully in 1517ms
  Running TypeScript ...
  Finished TypeScript in 2.0s ...
  Collecting page data using 15 workers ...
  Generating static pages using 15 workers (0/32) ...
  Generating static pages using 15 workers (8/32) 
  Generating static pages using 15 workers (16/32) 
  Generating static pages using 15 workers (24/32) 
✓ Generating static pages using 15 workers (32/32) in 723ms
  Finalizing page optimization ...

Route (app)
┌ ƒ /
├ ○ /_not-found
├ ƒ /admin/cms
├ ƒ /admin/dashboard
├ ƒ /admin/logs
├ ƒ /admin/payouts
├ ƒ /admin/sellers
├ ○ /admin/settings
├ ƒ /admin/users
├ ƒ /api/admin/create-agent
├ ○ /cart
├ ○ /checkout
├ ○ /checkout/success
├ ○ /delivery/dashboard
├ ○ /delivery/earnings
├ ○ /delivery/orders
├ ○ /delivery/profile
├ ○ /delivery/tasks
├ ƒ /delivery/tasks/[id]
├ ○ /explore
├ ○ /orders
├ ƒ /product/[id]
├ ○ /profile
├ ○ /register
├ ○ /seller/analytics
├ ○ /seller/apply
├ ○ /seller/bidding
├ ○ /seller/bundling
├ ○ /seller/dashboard
├ ○ /seller/negotiations
├ ○ /seller/orders
├ ○ /seller/products
├ ○ /seller/products/new
├ ○ /seller/settings
├ ○ /support/dashboard
├ ○ /support/escrow
├ ○ /support/moderation
├ ○ /support/tickets
├ ƒ /support/tickets/[id]
└ ○ /wishlist


ƒ Proxy (Middleware)

○  (Static)   prerendered as static content
ƒ  (Dynamic)  server-rendered on demand

